╭────────────────────────────┬──────┬────────┬────────┬──────╮
│Component                   │Health│Status  │Events/s│Errors│
├────────────────────────────┼──────┼────────┼────────┼──────┤
│otlp                        │✓     │healthy │0.00    │0     │
│batch                       │⚠     │degraded│0.00    │0     │
│elasticsearch/logs [Elastic]│✗     │error   │118.00  │1     │
╰────────────────────────────┴──────┴────────┴────────┴──────╯