INPUTS                             PROCESSORS                         OUTPUTS                           
--------------------------------------------------------------------------------------------------------
✓ input (in 101.0/s out 100.0/s err 1) ✓ batch (in 100.0/s out 98.0/s err 0) ⚠ output (in 98.0/s out 97.0/s err 2)
